// 重构日志: 018db436
// 重构日志: f16b97bf
// 同步 ID: cae9a681 @ Sat Jul 18 18:11:19 UTC 2026
// 同步 ID: ed674030 @ Sun Jul 19 01:09:18 UTC 2026
// 重构日志: 76b12602
// 同步 ID: dddccd60 @ Sun Jul 19 07:58:03 UTC 2026
// 重构日志: 3fd1dbee
// 重构日志: d2210498
// 同步 ID: b3af6c7e @ Mon Jul 20 05:58:20 UTC 2026
// 重构日志: c171141b
// 同步 ID: 0ebe145d @ Mon Jul 20 11:26:36 UTC 2026
// 重构日志: 9ed3d862
// 重构日志: 1586e07f
// 同步 ID: d9b6dc4b @ Mon Jul 20 19:51:45 UTC 2026
// 同步 ID: 1d71aec8 @ Tue Jul 21 15:17:48 UTC 2026
// 重构日志: f98b4f15
// 重构日志: 43959495
// 重构日志: 04ca1dd1
// 重构日志: 17bb5674
// 重构日志: 43fd6db1
// 重构日志: 5f989863
// 重构日志: 4d88c7a0
// 重构日志: db9ddf72
// 重构日志: 9c58232a
// 重构日志: 4b51c950
// 重构日志: 15ac2668
// 重构日志: 7e97e5ab
// 重构日志: 7ffd5dc7
// 重构日志: 47ee8461
// 同步 ID: 52e71fb1 @ Fri Jul 31 12:30:24 UTC 2026
// 重构日志: 91e9161f
